Script started on Thu 16 Apr 2015 01:29:12 AM PDT
vaio@debian:~/Documents/rshell$ make
mkdir bin
cd src; \
g++ -Wall -Werror -ansi -pedantic -o rshell *.cpp; \
mv rshell ../bin; \
cd -; \

/home/vaio/Documents/rshell
vaio@debian:~/Documents/rshell$ ls
bin  LICENSE  makefile	README.md  src	tests
vaio@debian:~/Documents/rshell$ bin/rshell
vaio@debian$ls
bin  LICENSE  makefile	README.md  src	tests
vaio@debian$ls -aaaaaaaaaaaaaaaaaaaaaaaaaaaaaaaaaaaaaaaaaaaaaaaaaaaaaaaaaaaaaaaaaaaa
.  ..  bin  .git  .gitignore  LICENSE  makefile  README.md  src  tests
vaio@debian$                 pwd         
/home/vaio/Documents/rshell
vaio@debian$ ow  pwd |  | ls
/home/vaio/Documents/rshell
vaio@debian$pwd && ls
/home/vaio/Documents/rshell
bin  LICENSE  makefile	README.md  src	tests
vaio@debian$ech o  o ; ls           ;      la || ow  pwd && owd

bin  LICENSE  makefile	README.md  src	tests
cannot execute command: No such file or directory
/home/vaio/Documents/rshell
cannot execute command: No such file or directory
vaio@debian$pa && pa
cannot execute command: No such file or directory
vaio@debian$pa && ls
cannot execute command: No such file or directory
vaio@debian$pa || ls
cannot execute command: No such file or directory
bin  LICENSE  makefile	README.md  src	tests
vaio@debian$clear
[3;J[H[2Jvaio@debian$exit
vaio@debian:~/Documents/rshell$ bin/rshell
vaio@debian$exit asdf
cannot execute command: No such file or directory
vaio@debian$exit || ls
vaio@debian:~/Documents/rshell$ bin/rshell
vaio@debian$ls || exit
bin  LICENSE  makefile	README.md  src	tests
vaio@debian$ls && exit
bin  LICENSE  makefile	README.md  src	tests
vaio@debian:~/Documents/rshell$ bin/rshell
vaio@debian$ps
  PID TTY          TIME CMD
 1921 pts/1    00:00:00 bash
 1955 pts/1    00:00:00 rshell
 1956 pts/1    00:00:00 ps
vaio@debian$ll #asdfasdf
cannot execute command: No such file or directory
vaio@debian$##
vaio@debian$######
vaio@debian$#lsadfkdsj##jlkaf#
vaio@debian$ls #klfajsdlfja;lsgj; wjegao
bin  LICENSE  makefile	README.md  src	tests
vaio@debian$ls ; pwd #fasjdfhjashgl;a g
bin  LICENSE  makefile	README.md  src	tests
/home/vaio/Documents/rshell
vaio@debian$;;;;;ks  ks || ls 
cannot execute command: No such file or directory
bin  LICENSE  makefile	README.md  src	tests
vaio@debian$|| ls
bin  LICENSE  makefile	README.md  src	tests
vaio@debian$$W  && ls
vaio@debian$|||||||||s ls
cannot execute command: No such file or directory
vaio@debian$||||||ls
bin  LICENSE  makefile	README.md  src	tests
vaio@debian$echo hellooooooooooo && hi || hi
hellooooooooooo
cannot execute command: No such file or directory
cannot execute command: No such file or directory
vaio@debian$clear
[3;J[H[2Jvaio@debian$                   exit                             
vaio@debian:~/Documents/rshell$ ls
bin  LICENSE  makefile	README.md  src	tests
vaio@debian:~/Documents/rshell$ git add src
vaio@debian:~/Documents/rshell$ gi[K[Kls 
bin  LICENSE  makefile	README.md  src	tests
vaio@debian:~/Documents/rshell$ cd src
vaio@debian:~/Documents/rshell/src$ ls
a.out  rshell.cpp
vaio@debian:~/Documents/rshell/src$ git re[Km [K[K[K[K[K[K[Kgit status 
On branch exec
Changes to be committed:
  (use "git reset HEAD <file>..." to unstage)

	[32mmodified:   rshell.cpp[m

Changes not staged for commit:
  (use "git add <file>..." to update what will be committed)
  (use "git checkout -- <file>..." to discard changes in working directory)

	[31mmodified:   ../tests/exec[m

Untracked files:
  (use "git add <file>..." to include in what will be committed)

	[31m../bin/[m

vaio@debian:~/Documents/rshell/src$ git add exec
fatal: pathspec 'exec' did not match any files
vaio@debian:~/Documents/rshell/src$ git add //[K[K../tests/exec
vaio@debian:~/Documents/rshell/src$ ls
a.out  rshell.cpp
vaio@debian:~/Documents/rshell/src$ git status
On branch exec
Changes to be committed:
  (use "git reset HEAD <file>..." to unstage)

	[32mmodified:   rshell.cpp